// Jest Snapshot v1, https://goo.gl/fbAQLP

exports[`Logout renders correctly 1`] = `
<div
  style={
    Object {
      "alignItems": "center",
      "display": "flex",
      "height": "100vh",
      "justifyContent": "center",
      "width": "100%",
    }
  }
>
  <div
    className="css-1mau7k7"
  >
    <div
      className="css-1di9y0u"
    />
    <div
      className="css-10959i8"
    />
  </div>
</div>
`;
