// Jest Snapshot v1, https://goo.gl/fbAQLP

exports[`SkillDescriptor renders correctly 1`] = `
<div>
  <div
    className="ant-row ant-form-item"
    style={
      Object {
        "marginBottom": "10px",
      }
    }
  >
    <div
      className="ant-form-item-control-wrapper ant-col-xs-24 ant-col-xs-offset-0 ant-col-sm-14 ant-col-sm-offset-4"
    >
      <div
        className="ant-form-item-control "
      />
    </div>
  </div>
  <div
    className="ant-row ant-form-item"
    style={undefined}
  >
    <div
      className="ant-form-item-control-wrapper ant-col-xs-24 ant-col-xs-offset-0 ant-col-sm-14 ant-col-sm-offset-4"
    >
      <div
        className="ant-form-item-control "
      />
    </div>
  </div>
</div>
`;
